   Compiling windows-link v0.2.1
   Compiling futures-core v0.3.32
   Compiling pin-project-lite v0.2.17
   Compiling stable_deref_trait v1.2.1
   Compiling bytes v1.11.1
   Compiling cfg-if v1.0.4
   Compiling itoa v1.0.18
   Compiling litemap v0.8.2
   Compiling writeable v0.6.3
   Compiling once_cell v1.21.4
   Compiling utf8_iter v1.0.4
   Compiling zerofrom v0.1.7
   Compiling memchr v2.8.0
   Compiling icu_normalizer_data v2.2.0
   Compiling windows-sys v0.61.2
   Compiling yoke v0.8.2
   Compiling futures-task v0.3.32
   Compiling typenum v1.20.0
   Compiling scopeguard v1.2.0
   Compiling futures-io v0.3.32
   Compiling slab v0.4.12
   Compiling icu_properties_data v2.2.0
   Compiling serde_core v1.0.228
   Compiling futures-sink v0.3.32
   Compiling zerovec v0.11.6
   Compiling zerotrie v0.2.4
   Compiling lock_api v0.4.14
   Compiling smallvec v1.15.1
   Compiling percent-encoding v2.3.2
   Compiling crossbeam-utils v0.8.21
   Compiling tracing-core v0.1.36
   Compiling form_urlencoded v1.2.2
   Compiling equivalent v1.0.2
   Compiling log v0.4.29
   Compiling num-traits v0.2.19
   Compiling zmij v1.0.21
   Compiling cpufeatures v0.2.17
   Compiling tinystr v0.8.3
   Compiling potential_utf v0.1.5
   Compiling generic-array v0.14.7
   Compiling allocator-api2 v0.2.21
   Compiling foldhash v0.1.5
   Compiling concurrent-queue v2.5.0
   Compiling icu_locale_core v2.2.0
   Compiling icu_collections v2.2.0
   Compiling tracing v0.1.44
   Compiling futures-util v0.3.32
   Compiling parking v2.2.1
   Compiling hashbrown v0.17.0
   Compiling hashbrown v0.15.5
   Compiling crc-catalog v2.5.0
   Compiling crc v3.4.0
   Compiling chrono v0.4.44
   Compiling event-listener v5.4.1
   Compiling block-buffer v0.10.4
   Compiling crypto-common v0.1.7
   Compiling thiserror v2.0.18
   Compiling crossbeam-queue v0.3.12
   Compiling http v1.4.0
   Compiling spin v0.9.8
   Compiling indexmap v2.14.0
   Compiling parking_lot_core v0.9.12
   Compiling ryu v1.0.23
   Compiling icu_provider v2.2.0
   Compiling hashlink v0.10.0
   Compiling base64 v0.22.1
   Compiling icu_properties v2.2.0
   Compiling icu_normalizer v2.2.0
   Compiling parking_lot v0.12.5
   Compiling digest v0.10.7
   Compiling http-body v1.0.1
   Compiling serde v1.0.228
   Compiling serde_json v1.0.149
   Compiling libsqlite3-sys v0.30.1
   Compiling socket2 v0.6.3
   Compiling mio v1.2.0
   Compiling futures-intrusive v0.5.0
   Compiling sha2 v0.10.9
   Compiling tokio v1.52.2
   Compiling idna_adapter v1.2.2
   Compiling either v1.15.0
   Compiling idna v1.1.0
   Compiling serde_urlencoded v0.7.1
   Compiling url v2.5.8
   Compiling atoi v2.0.0
   Compiling futures-channel v0.3.32
   Compiling tower-service v0.3.3
   Compiling getrandom v0.4.2
   Compiling flume v0.11.1
   Compiling httpdate v1.0.3
   Compiling unicase v2.9.0
   Compiling mime v0.3.17
   Compiling tower-layer v0.3.3
   Compiling mime_guess v2.0.5
   Compiling uuid v1.23.1
   Compiling httparse v1.10.1
   Compiling http-body-util v0.1.3
   Compiling sync_wrapper v1.0.2
   Compiling regex-syntax v0.8.10
   Compiling atomic-waker v1.1.2
   Compiling futures-executor v0.3.32
   Compiling lazy_static v1.5.0
   Compiling axum-core v0.4.5
   Compiling nu-ansi-term v0.50.3
   Compiling sharded-slab v0.1.7
   Compiling serde_path_to_error v0.1.20
   Compiling tracing-log v0.2.0
   Compiling thread_local v1.1.9
   Compiling matchit v0.7.3
   Compiling regex-automata v0.4.14
   Compiling http-range-header v0.4.2
   Compiling bitflags v2.11.1
   Compiling anyhow v1.0.102
   Compiling tokio-stream v0.1.18
   Compiling hyper v1.9.0
   Compiling tokio-util v0.7.18
   Compiling tower v0.5.3
   Compiling sqlx-core v0.8.6
   Compiling tower-http v0.6.9
   Compiling matchers v0.2.0
   Compiling hyper-util v0.1.20
   Compiling tracing-subscriber v0.3.23
   Compiling axum v0.7.9
   Compiling sqlx-sqlite v0.8.6
   Compiling sqlx-macros-core v0.8.6
   Compiling sqlx-macros v0.8.6
   Compiling sqlx v0.8.6
   Compiling lol-rune-matchups v0.1.0 (C:\lol-rune-matchups)
    Finished `dev` profile [unoptimized + debuginfo] target(s) in 46.34s
     Running `target\debug\lol-rune-matchups.exe`
